// Jest Snapshot v1, https://goo.gl/fbAQLP

exports['<Chip /> should be render the button with text 1'] = `
.c0 {
  display: -webkit-inline-box;
  display: -webkit-inline-flex;
  display: -ms-inline-flexbox;
  display: inline-flex;
  -webkit-box-pack: center;
  -webkit-justify-content: center;
  -ms-flex-pack: center;
  justify-content: center;
  -webkit-align-items: center;
  -webkit-box-align: center;
  -ms-flex-align: center;
  align-items: center;
  -webkit-text-decoration: none;
  text-decoration: none;
  border: none;
  outline: none;
  width: 11.5rem;
  height: 3.4rem;
  border-radius: 1.7rem;
  background-color: rgba(0,0,0,0.05);
  -webkit-transition: 0.3s ease-in-out;
  transition: 0.3s ease-in-out;
}

.c0:hover {
  background-color: rgba(0,0,0,0.24000000000000002);
}

.c1 {
  font-family: Arial,Helvetica,sans-serif;
  font-weight: 400;
  font-size: 2.0rem;
  color: #000000;
}

<button
  class="c0"
>
  <p
    class="c1"
  >
    Back
  </p>
</button>
`;
